Input: 0x1f2f1d2e2e1f0e2e, 0xe2f2e0f2e0d1e0d, 0x1f0e0f2d2f2d0d1f
Hamming weight: 97
After negating the first 5 bits of the first 8-byte: 0x1f2f1d2e2e1f0e31
The index at which Knuth's algorithm stopped: 3
The balanced word: 0x1f2f1d2e2e1f0e29, 0xe2f2e0f2e0d1e0d, 0x1f0e0f2d2f2d0d1f
