Input: 0xd2f1f2e1f0f0d2d1, 0xf1e2f0f2e1f2f1e2, 0xf0e1d1f2e0e2e2d2, 0xd2e1d0d1e0f1e2e0, 0xd2f1f1f1e0f0d2d2
Hamming weight: 166
After negating the first 5 bits of the first 8-byte: 0xd2f1f2e1f0f0d2ce
The index at which Knuth's algorithm stopped: 80
The balanced word: 0x2d0e0d1e0f0f2d2e, 0xf1e2f0f2e1f20e1d, 0xf0e1d1f2e0e2e2d2, 0xd2e1d0d1e0f1e2e0, 0xd2f1f1f1e0f0d2d2
