Input: 0xffdedffdeffdffdd
Hamming weight: 56
After negating the first 5 bits of the first 8-byte: 0xffdedffdeffdffc2
The index at which Knuth's algorithm stopped: 32
The balanced word: 0xffdedffd10020022
