Input: 0x2110112010120221
Hamming weight: 12
After negating the first 5 bits of the first 8-byte: 0x211011201012023e
The index at which Knuth's algorithm stopped: 32
The balanced word: 0x21101120efedfdde
