Input: 0xe0e1e1e0d0f2f2f
Hamming weight: 31
After negating the first 5 bits of the first 8-byte: 0xe0e1e1e0d0f2f30
The index at which Knuth's algorithm stopped: 57
The balanced word: 0xff1e1e1f2f0d0d0
