Input: 0xd0f2d2d0e1e2f0d0
Hamming weight: 30
After negating the first 5 bits of the first 8-byte: 0xd0f2d2d0e1e2f0cf
The index at which Knuth's algorithm stopped: 2
The balanced word: 0xd0f2d2d0e1e2f0d3
