Input: 0x2122102212201202, 0x210111010110210, 0x2221120102002020, 0x22120002112201
Hamming weight: 43
After negating the first 5 bits of the first 8-byte: 0x212210221220121d
The index at which Knuth's algorithm stopped: 131
The balanced word: 0xdeddefddeddfedfd, 0xfdefeeefefeefdef, 0x2221120102002027, 0x22120002112201
