Input: 0xe1e1d1d0e2f1f2f2, 0xf2e1f1f1e1f0d2d2, 0xd1f1e0f1f1f2d2e1, 0xd1e2f2e1d1d0f1f0
Hamming weight: 137
After negating the first 5 bits of the first 8-byte: 0xe1e1d1d0e2f1f2ed
The index at which Knuth's algorithm stopped: 113
The balanced word: 0x1e1e2e2f1d0e0d0d, 0xf2e00e0e1e0f2d2d, 0xd1f1e0f1f1f2d2e1, 0xd1e2f2e1d1d0f1f0
