Input: 0xefefddefdeffefee
Hamming weight: 54
After negating the first 5 bits of the first 8-byte: 0xefefddefdeffeff1
The index at which Knuth's algorithm stopped: 32
The balanced word: 0xefefddef21001011
