Input: 0x1d1d0e0e1f2f2e0e, 0xe2f1d1d1e1d2e2d, 0x1d2e0d1d1e2f1d2d, 0x1e0e0e2e1d1f1d2d
Hamming weight: 126
After negating the first 5 bits of the first 8-byte: 0x1d1d0e0e1f2f2e11
The index at which Knuth's algorithm stopped: 8
The balanced word: 0x1d1d0e0e1f2f2ef1, 0xe2f1d1d1e1d2e2d, 0x1d2e0d1d1e2f1d2d, 0x1e0e0e2e1d1f1d2d
