Input: 0xeedeffdeeefdefde
Hamming weight: 52
After negating the first 5 bits of the first 8-byte: 0xeedeffdeeefdefc1
The index at which Knuth's algorithm stopped: 32
The balanced word: 0xeedeffde11021021
