Input: 0xf2f1e2d2f0e2d0d
Hamming weight: 32
After negating the first 5 bits of the first 8-byte: 0xf2f1e2d2f0e2d12
The index at which Knuth's algorithm stopped: 0
The balanced word: 0xf2f1e2d2f0e2d0d
