Input: 0x53e90c0ae8579ec9, 0x5a78ef3fbc43587b
Hamming weight: 69
After negating the first 5 bits of the first 8-byte: 0x53e90c0ae8579ed6
The index at which Knuth's algorithm stopped: 19
The balanced word: 0x53e90c0ae8506136, 0x5a78ef3fbc43587b
