Input: 0x2020122112200212, 0x1102102020120201
Hamming weight: 22
After negating the first 5 bits of the first 8-byte: 0x202012211220020d
The index at which Knuth's algorithm stopped: 68
The balanced word: 0xdfdfeddeeddffded, 0x110210202012020e
